============================= test session starts =============================
platform win32 -- Python 3.11.9, pytest-9.0.2, pluggy-1.6.0
rootdir: C:\Adversarial Model training
plugins: anyio-4.12.1, locust-2.43.3, asyncio-1.3.0
asyncio: mode=Mode.STRICT, debug=False, asyncio_default_fixture_loop_scope=None, asyncio_default_test_loop_scope=function
collected 40 items / 3 errors

=================================== ERRORS ====================================
_____________ ERROR collecting scripts/test_zero_trust_system.py ______________
ImportError while importing test module 'C:\Adversarial Model training\scripts\test_zero_trust_system.py'.
Hint: make sure your test modules/packages have valid Python names.
Traceback:
C:\Users\aarna\AppData\Local\Programs\Python\Python311\Lib\importlib\__init__.py:126: in import_module
    return _bootstrap._gcd_import(name[level:], package, level)
           ^^^^^^^^^^^^^^^^^^^^^^^^^^^^^^^^^^^^^^^^^^^^^^^^^^^^
scripts\test_zero_trust_system.py:13: in <module>
    from src.system.zero_trust_network import ZeroTrustNetworkSystem
src\system\__init__.py:3: in <module>
    from .zero_trust_network import ZeroTrustNetworkSystem
src\system\zero_trust_network.py:6: in <module>
    import torch
E   ModuleNotFoundError: No module named 'torch'
_____________ ERROR collecting tests/test_network_adversarial.py ______________
ImportError while importing test module 'C:\Adversarial Model training\tests\test_network_adversarial.py'.
Hint: make sure your test modules/packages have valid Python names.
Traceback:
C:\Users\aarna\AppData\Local\Programs\Python\Python311\Lib\importlib\__init__.py:126: in import_module
    return _bootstrap._gcd_import(name[level:], package, level)
           ^^^^^^^^^^^^^^^^^^^^^^^^^^^^^^^^^^^^^^^^^^^^^^^^^^^^
tests\test_network_adversarial.py:3: in <module>
    import torch
E   ModuleNotFoundError: No module named 'torch'
________________ ERROR collecting tests/test_policy_engine.py _________________
ImportError while importing test module 'C:\Adversarial Model training\tests\test_policy_engine.py'.
Hint: make sure your test modules/packages have valid Python names.
Traceback:
C:\Users\aarna\AppData\Local\Programs\Python\Python311\Lib\importlib\__init__.py:126: in import_module
    return _bootstrap._gcd_import(name[level:], package, level)
           ^^^^^^^^^^^^^^^^^^^^^^^^^^^^^^^^^^^^^^^^^^^^^^^^^^^^
tests\test_policy_engine.py:3: in <module>
    from src.policy.zero_trust_engine import ZeroTrustPolicyEngine, AccessDecision
E   ImportError: cannot import name 'ZeroTrustPolicyEngine' from 'src.policy.zero_trust_engine' (C:\Adversarial Model training\scripts\..\src\policy\zero_trust_engine.py)
=========================== short test summary info ===========================
ERROR scripts/test_zero_trust_system.py
ERROR tests/test_network_adversarial.py
ERROR tests/test_policy_engine.py
!!!!!!!!!!!!!!!!!!! Interrupted: 3 errors during collection !!!!!!!!!!!!!!!!!!!
============================== 3 errors in 1.07s ==============================
